// Jest Snapshot v1, https://goo.gl/fbAQLP

exports[`<Input /> 렌더링이 잘 되는지 테스트 1`] = `
<div>
  <input
    class="sc-gKPRtg dqyRml"
    value="default value"
  />
</div>
`;
