// Jest Snapshot v1, https://goo.gl/fbAQLP

exports[`<InputContainer /> 렌더링 테스트 1`] = `
<div>
  <div
    class="sc-hLBbgP gJsMjZ"
  >
    <input
      class="sc-bcXHqe dKujtN"
      placeholder="할 일을 입력해 주세요"
      value=""
    />
    <button
      class="sc-gswNZR cMvRBc"
    >
      <div
        class="sc-dkrFOg dHCelr"
      >
        추가
      </div>
    </button>
  </div>
</div>
`;
