// Jest Snapshot v1, https://goo.gl/fbAQLP

exports[`<TodoItem /> 렌더링이 잘 되는지 테스트 1`] = `
.c2 {
  text-align: center;
  font-weight: bold;
  background-color: #d8b4fe;
  padding: 10px 20px;
  border-radius: 8px;
  border: 0;
}

.c2:hover {
  background-color: #4f46e5;
}

.c2:active {
  box-shadow: insect 5px 5px 10px rgba(0,0,0,0.1);
}

.c3 {
  color: #fff;
  font-size: 16px;
}

.c0 {
  display: -webkit-box;
  display: -webkit-flex;
  display: -ms-flexbox;
  display: flex;
  border-bottom: 1px solid #bdbdbd;
  -webkit-align-items: center;
  -webkit-box-align: center;
  -ms-flex-align: center;
  align-items: center;
  margin: 10px;
  padding: 10px;
}

.c1 {
  -webkit-flex: 1;
  -ms-flex: 1;
  flex: 1;
  font-size: 16px;
  margin-right: 20px;
  text-align: left;
  -webkit-text-decoration: none;
  text-decoration: none;
  color: #333;
}

<div>
  <div
    class="c0"
  >
    <a
      class="c1"
      href="/detail/1"
    >
      default value
    </a>
    <button
      class="c2"
    >
      <div
        class="c3"
      >
        삭제
      </div>
    </button>
  </div>
</div>
`;
